[33m>[39m Building...
[32m√[39m Building...
Application bundle generation failed. [9.892 seconds] - 2026-06-04T02:31:14.701Z

node.exe : [1m[33m[33m▲ [43;33m[[43;30mWARNING[43;33m][0m [1mNG8113: All imports are unused[0m 
[1m[35m[plugin angular-compiler][0m
At C:\Users\22akh\AppData\Roaming\npm\ng.ps1:24 char:5
+     & "node$exe"  "$basedir/node_modules/@angular/cli/bin/ng.js" $arg ...
+     ~~~~~~~~~~~~~~~~~~~~~~~~~~~~~~~~~~~~~~~~~~~~~~~~~~~~~~~~~~~~~~~~~
    + CategoryInfo          : NotSpecified: ([1m[33m[33m▲...r-compiler][0m:String) [], RemoteException
    + FullyQualifiedErrorId : NativeCommandError
 

    src/app/layout/footer/footer.component.ts:7:2:
[37m      7 │   [32mimports[37m: [RouterLink],
        ╵   [32m~~~~~~~[0m

[39m[22m
[1m[31m[31mX [41;31m[[41;97mERROR[41;31m][0m [1mNG8004: No pipe found with name 'date'.
To fix this, import the "DatePipe" class from "@angular/common" and add it to the "imports" array of the 
component.[0m [1m[35m[plugin angular-compiler][0m

    src/app/layout/chatbot/chatbot.component.ts:31:54:
[37m      31 │ ...        <span class="ts">{{ msg.timestamp | [32mdate[37m:'HH:mm' }}</span>
         ╵                                                [32m~~~~[0m

[39m[22m
